<?xml version="1.0" encoding="ISO-8859-1" ?>
<link_info>
   <banner>TI ARM Linker PC v20.2.7.LTS</banner>
   <copyright>Copyright (c) 1996-2018 Texas Instruments Incorporated</copyright>
   <link_time>0x6515a3f7</link_time>
   <link_errors>0x0</link_errors>
   <output_file>NTI_Parallel_AutoParking.out</output_file>
   <entry_point>
      <name>_c_int00_noargs</name>
      <address>0x24e9</address>
   </entry_point>
   <input_file_list>
      <input_file id="fl-2">
         <path>.\</path>
         <kind>object</kind>
         <file>main.obj</file>
         <name>main.obj</name>
      </input_file>
      <input_file id="fl-3">
         <path>.\</path>
         <kind>object</kind>
         <file>tm4c123gh6pm_startup_ccs.obj</file>
         <name>tm4c123gh6pm_startup_ccs.obj</name>
      </input_file>
      <input_file id="fl-4">
         <path>.\APP\DCM_App\</path>
         <kind>object</kind>
         <file>NTI_DC_MOTOR_APP.obj</file>
         <name>NTI_DC_MOTOR_APP.obj</name>
      </input_file>
      <input_file id="fl-5">
         <path>.\APP\US_App\</path>
         <kind>object</kind>
         <file>US_App.obj</file>
         <name>US_App.obj</name>
      </input_file>
      <input_file id="fl-6">
         <path>.\HAL\DC_Motors\</path>
         <kind>object</kind>
         <file>DC_MOTOR_L298.obj</file>
         <name>DC_MOTOR_L298.obj</name>
      </input_file>
      <input_file id="fl-7">
         <path>.\HAL\Leds\</path>
         <kind>object</kind>
         <file>Led.obj</file>
         <name>Led.obj</name>
      </input_file>
      <input_file id="fl-8">
         <path>.\HAL\Leds\</path>
         <kind>object</kind>
         <file>RGB_Leds.obj</file>
         <name>RGB_Leds.obj</name>
      </input_file>
      <input_file id="fl-9">
         <path>.\HAL\UltraSonic_HCSR04\</path>
         <kind>object</kind>
         <file>ultrasonic.obj</file>
         <name>ultrasonic.obj</name>
      </input_file>
      <input_file id="fl-a">
         <path>.\MCAL\GPIO\</path>
         <kind>object</kind>
         <file>Gpio.obj</file>
         <name>Gpio.obj</name>
      </input_file>
      <input_file id="fl-b">
         <path>.\MCAL\GP_TIMERS\</path>
         <kind>object</kind>
         <file>GP_Timers.obj</file>
         <name>GP_Timers.obj</name>
      </input_file>
      <input_file id="fl-c">
         <path>.\MCAL\PWM\</path>
         <kind>object</kind>
         <file>PWM.obj</file>
         <name>PWM.obj</name>
      </input_file>
      <input_file id="fl-d">
         <path>.\MCAL\RCC\</path>
         <kind>object</kind>
         <file>RCC.obj</file>
         <name>RCC.obj</name>
      </input_file>
      <input_file id="fl-e">
         <path>.\MCAL\SysTick\Delay\</path>
         <kind>object</kind>
         <file>delay.obj</file>
         <name>delay.obj</name>
      </input_file>
      <input_file id="fl-f">
         <path>.\MCAL\SysTick\</path>
         <kind>object</kind>
         <file>SysTick.obj</file>
         <name>SysTick.obj</name>
      </input_file>
      <input_file id="fl-10">
         <path>.\SYS_CTRL\</path>
         <kind>object</kind>
         <file>Sys_Ctrl.obj</file>
         <name>Sys_Ctrl.obj</name>
      </input_file>
      <input_file id="fl-14">
         <kind>object</kind>
         <file>&lt;internal&gt;</file>
         <name>&lt;internal&gt;</name>
      </input_file>
      <input_file id="fl-ca">
         <path>C:\ti\ccs1230\ccs\tools\compiler\ti-cgt-arm_20.2.7.LTS\lib\</path>
         <kind>archive</kind>
         <file>rtsv7M4_T_le_v4SPD16_eabi.lib</file>
         <name>copy_zero_init.c.obj</name>
      </input_file>
      <input_file id="fl-cb">
         <path>C:\ti\ccs1230\ccs\tools\compiler\ti-cgt-arm_20.2.7.LTS\lib\</path>
         <kind>archive</kind>
         <file>rtsv7M4_T_le_v4SPD16_eabi.lib</file>
         <name>copy_decompress_none.c.obj</name>
      </input_file>
      <input_file id="fl-cc">
         <path>C:\ti\ccs1230\ccs\tools\compiler\ti-cgt-arm_20.2.7.LTS\lib\</path>
         <kind>archive</kind>
         <file>rtsv7M4_T_le_v4SPD16_eabi.lib</file>
         <name>copy_decompress_lzss.c.obj</name>
      </input_file>
      <input_file id="fl-cd">
         <path>C:\ti\ccs1230\ccs\tools\compiler\ti-cgt-arm_20.2.7.LTS\lib\</path>
         <kind>archive</kind>
         <file>rtsv7M4_T_le_v4SPD16_eabi.lib</file>
         <name>boot_cortex_m.c.obj</name>
      </input_file>
      <input_file id="fl-ce">
         <path>C:\ti\ccs1230\ccs\tools\compiler\ti-cgt-arm_20.2.7.LTS\lib\</path>
         <kind>archive</kind>
         <file>rtsv7M4_T_le_v4SPD16_eabi.lib</file>
         <name>memcpy_t2.asm.obj</name>
      </input_file>
      <input_file id="fl-cf">
         <path>C:\ti\ccs1230\ccs\tools\compiler\ti-cgt-arm_20.2.7.LTS\lib\</path>
         <kind>archive</kind>
         <file>rtsv7M4_T_le_v4SPD16_eabi.lib</file>
         <name>memset_t2.asm.obj</name>
      </input_file>
      <input_file id="fl-d0">
         <path>C:\ti\ccs1230\ccs\tools\compiler\ti-cgt-arm_20.2.7.LTS\lib\</path>
         <kind>archive</kind>
         <file>rtsv7M4_T_le_v4SPD16_eabi.lib</file>
         <name>autoinit.c.obj</name>
      </input_file>
      <input_file id="fl-d1">
         <path>C:\ti\ccs1230\ccs\tools\compiler\ti-cgt-arm_20.2.7.LTS\lib\</path>
         <kind>archive</kind>
         <file>rtsv7M4_T_le_v4SPD16_eabi.lib</file>
         <name>pre_init.c.obj</name>
      </input_file>
      <input_file id="fl-d2">
         <path>C:\ti\ccs1230\ccs\tools\compiler\ti-cgt-arm_20.2.7.LTS\lib\</path>
         <kind>archive</kind>
         <file>rtsv7M4_T_le_v4SPD16_eabi.lib</file>
         <name>cpy_tbl.c.obj</name>
      </input_file>
      <input_file id="fl-d3">
         <path>C:\ti\ccs1230\ccs\tools\compiler\ti-cgt-arm_20.2.7.LTS\lib\</path>
         <kind>archive</kind>
         <file>rtsv7M4_T_le_v4SPD16_eabi.lib</file>
         <name>exit.c.obj</name>
      </input_file>
      <input_file id="fl-d4">
         <path>C:\ti\ccs1230\ccs\tools\compiler\ti-cgt-arm_20.2.7.LTS\lib\</path>
         <kind>archive</kind>
         <file>rtsv7M4_T_le_v4SPD16_eabi.lib</file>
         <name>_lock.c.obj</name>
      </input_file>
      <input_file id="fl-d5">
         <path>C:\ti\ccs1230\ccs\tools\compiler\ti-cgt-arm_20.2.7.LTS\lib\</path>
         <kind>archive</kind>
         <file>rtsv7M4_T_le_v4SPD16_eabi.lib</file>
         <name>args_main.c.obj</name>
      </input_file>
   </input_file_list>
   <object_component_list>
      <object_component id="oc-12">
         <name>.intvecs</name>
         <load_address>0x0</load_address>
         <run_address>0x0</run_address>
         <size>0x26c</size>
         <input_file_ref idref="fl-3"/>
      </object_component>
      <object_component id="oc-d0">
         <name>.text</name>
         <load_address>0x26c</load_address>
         <run_address>0x26c</run_address>
         <size>0x13ac</size>
         <input_file_ref idref="fl-a"/>
      </object_component>
      <object_component id="oc-18f">
         <name>.text</name>
         <load_address>0x1618</load_address>
         <run_address>0x1618</run_address>
         <size>0x388</size>
         <input_file_ref idref="fl-10"/>
      </object_component>
      <object_component id="oc-195">
         <name>.text</name>
         <load_address>0x19a0</load_address>
         <run_address>0x19a0</run_address>
         <size>0x324</size>
         <input_file_ref idref="fl-b"/>
      </object_component>
      <object_component id="oc-136">
         <name>.text</name>
         <load_address>0x1cc4</load_address>
         <run_address>0x1cc4</run_address>
         <size>0x1c0</size>
         <input_file_ref idref="fl-9"/>
      </object_component>
      <object_component id="oc-9b">
         <name>.text</name>
         <load_address>0x1e84</load_address>
         <run_address>0x1e84</run_address>
         <size>0x13c</size>
         <input_file_ref idref="fl-2"/>
      </object_component>
      <object_component id="oc-155">
         <name>.text</name>
         <load_address>0x1fc0</load_address>
         <run_address>0x1fc0</run_address>
         <size>0x12e</size>
         <input_file_ref idref="fl-6"/>
      </object_component>
      <object_component id="oc-1b3">
         <name>.text</name>
         <load_address>0x20f0</load_address>
         <run_address>0x20f0</run_address>
         <size>0xec</size>
         <input_file_ref idref="fl-c"/>
      </object_component>
      <object_component id="oc-3b">
         <name>.text</name>
         <load_address>0x21dc</load_address>
         <run_address>0x21dc</run_address>
         <size>0x9c</size>
         <input_file_ref idref="fl-ce"/>
      </object_component>
      <object_component id="oc-c4">
         <name>.text</name>
         <load_address>0x2278</load_address>
         <run_address>0x2278</run_address>
         <size>0x94</size>
         <input_file_ref idref="fl-5"/>
      </object_component>
      <object_component id="oc-ca">
         <name>.text</name>
         <load_address>0x230c</load_address>
         <run_address>0x230c</run_address>
         <size>0x90</size>
         <input_file_ref idref="fl-4"/>
      </object_component>
      <object_component id="oc-15">
         <name>.text:decompress:lzss:__TI_decompress_lzss</name>
         <load_address>0x239c</load_address>
         <run_address>0x239c</run_address>
         <size>0x68</size>
         <input_file_ref idref="fl-cc"/>
      </object_component>
      <object_component id="oc-164">
         <name>.text</name>
         <load_address>0x2404</load_address>
         <run_address>0x2404</run_address>
         <size>0x5c</size>
         <input_file_ref idref="fl-f"/>
      </object_component>
      <object_component id="oc-f3">
         <name>.text:__TI_auto_init_nobinit_nopinit:__TI_auto_init_nobinit_nopinit</name>
         <load_address>0x2460</load_address>
         <run_address>0x2460</run_address>
         <size>0x44</size>
         <input_file_ref idref="fl-d0"/>
      </object_component>
      <object_component id="oc-d6">
         <name>.text</name>
         <load_address>0x24a4</load_address>
         <run_address>0x24a4</run_address>
         <size>0x44</size>
         <input_file_ref idref="fl-e"/>
      </object_component>
      <object_component id="oc-59">
         <name>.text:_c_int00_noargs:_c_int00_noargs</name>
         <load_address>0x24e8</load_address>
         <run_address>0x24e8</run_address>
         <size>0x34</size>
         <input_file_ref idref="fl-cd"/>
      </object_component>
      <object_component id="oc-1ad">
         <name>.text</name>
         <load_address>0x251c</load_address>
         <run_address>0x251c</run_address>
         <size>0x1c</size>
         <input_file_ref idref="fl-d"/>
      </object_component>
      <object_component id="oc-47">
         <name>.text:decompress:ZI:__TI_zero_init_nomemset:__TI_zero_init_nomemset</name>
         <load_address>0x2538</load_address>
         <run_address>0x2538</run_address>
         <size>0x1c</size>
         <input_file_ref idref="fl-ca"/>
      </object_component>
      <object_component id="oc-1b">
         <name>.text:decompress:none:__TI_decompress_none</name>
         <load_address>0x2554</load_address>
         <run_address>0x2554</run_address>
         <size>0xe</size>
         <input_file_ref idref="fl-cb"/>
      </object_component>
      <object_component id="oc-27">
         <name>.text</name>
         <load_address>0x2562</load_address>
         <run_address>0x2562</run_address>
         <size>0xc</size>
         <input_file_ref idref="fl-3"/>
      </object_component>
      <object_component id="oc-95">
         <name>.text:_system_pre_init</name>
         <load_address>0x256e</load_address>
         <run_address>0x256e</run_address>
         <size>0x4</size>
         <input_file_ref idref="fl-d1"/>
      </object_component>
      <object_component id="oc-e7">
         <name>.text:abort:abort</name>
         <load_address>0x2572</load_address>
         <run_address>0x2572</run_address>
         <size>0x4</size>
         <input_file_ref idref="fl-d3"/>
      </object_component>
      <object_component id="oc-239">
         <name>.cinit..data.load</name>
         <load_address>0x2578</load_address>
         <run_address>0x2578</run_address>
         <size>0x46</size>
      </object_component>
      <object_component id="oc-237">
         <name>__TI_handler_table</name>
         <load_address>0x25c0</load_address>
         <run_address>0x25c0</run_address>
         <size>0xc</size>
      </object_component>
      <object_component id="oc-23a">
         <name>.cinit..bss.load</name>
         <load_address>0x25d0</load_address>
         <run_address>0x25d0</run_address>
         <size>0x8</size>
      </object_component>
      <object_component id="oc-238">
         <name>__TI_cinit_table</name>
         <load_address>0x25d8</load_address>
         <run_address>0x25d8</run_address>
         <size>0x10</size>
      </object_component>
      <object_component id="oc-e0">
         <name>.data</name>
         <load_address>0x200002a1</load_address>
         <run_address>0x200002a1</run_address>
         <size>0x1</size>
         <input_file_ref idref="fl-2"/>
      </object_component>
      <object_component id="oc-dc">
         <name>.data:App_Pins</name>
         <load_address>0x20000200</load_address>
         <run_address>0x20000200</run_address>
         <size>0x3f</size>
         <input_file_ref idref="fl-2"/>
      </object_component>
      <object_component id="oc-15b">
         <name>.data:DC_Motor_1</name>
         <load_address>0x2000023f</load_address>
         <run_address>0x2000023f</run_address>
         <size>0x15</size>
         <input_file_ref idref="fl-4"/>
      </object_component>
      <object_component id="oc-15e">
         <name>.data:DC_Motor_2</name>
         <load_address>0x20000254</load_address>
         <run_address>0x20000254</run_address>
         <size>0x15</size>
         <input_file_ref idref="fl-4"/>
      </object_component>
      <object_component id="oc-13c">
         <name>.data:US1_TriggerPin</name>
         <load_address>0x20000270</load_address>
         <run_address>0x20000270</run_address>
         <size>0x7</size>
         <input_file_ref idref="fl-5"/>
      </object_component>
      <object_component id="oc-13f">
         <name>.data:US1_EchoPin</name>
         <load_address>0x20000269</load_address>
         <run_address>0x20000269</run_address>
         <size>0x7</size>
         <input_file_ref idref="fl-5"/>
      </object_component>
      <object_component id="oc-142">
         <name>.data:US2_TriggerPin</name>
         <load_address>0x2000027e</load_address>
         <run_address>0x2000027e</run_address>
         <size>0x7</size>
         <input_file_ref idref="fl-5"/>
      </object_component>
      <object_component id="oc-145">
         <name>.data:US2_EchoPin</name>
         <load_address>0x20000277</load_address>
         <run_address>0x20000277</run_address>
         <size>0x7</size>
         <input_file_ref idref="fl-5"/>
      </object_component>
      <object_component id="oc-148">
         <name>.data:US3_TriggerPin</name>
         <load_address>0x2000028c</load_address>
         <run_address>0x2000028c</run_address>
         <size>0x7</size>
         <input_file_ref idref="fl-5"/>
      </object_component>
      <object_component id="oc-14b">
         <name>.data:US3_EchoPin</name>
         <load_address>0x20000285</load_address>
         <run_address>0x20000285</run_address>
         <size>0x7</size>
         <input_file_ref idref="fl-5"/>
      </object_component>
      <object_component id="oc-14e">
         <name>.data:US4_TriggerPin</name>
         <load_address>0x2000029a</load_address>
         <run_address>0x2000029a</run_address>
         <size>0x7</size>
         <input_file_ref idref="fl-5"/>
      </object_component>
      <object_component id="oc-151">
         <name>.data:US4_EchoPin</name>
         <load_address>0x20000293</load_address>
         <run_address>0x20000293</run_address>
         <size>0x7</size>
         <input_file_ref idref="fl-5"/>
      </object_component>
      <object_component id="oc-df">
         <name>.common:distance1</name>
         <uninitialized>true</uninitialized>
         <run_address>0x200002a4</run_address>
         <size>0x4</size>
      </object_component>
      <object_component id="oc-e3">
         <name>.common:distance2</name>
         <uninitialized>true</uninitialized>
         <run_address>0x200002a8</run_address>
         <size>0x4</size>
      </object_component>
      <object_component id="oc-e4">
         <name>.common:distance3</name>
         <uninitialized>true</uninitialized>
         <run_address>0x200002ac</run_address>
         <size>0x4</size>
      </object_component>
      <object_component id="oc-e5">
         <name>.common:distance4</name>
         <uninitialized>true</uninitialized>
         <run_address>0x200002b0</run_address>
         <size>0x4</size>
      </object_component>
      <object_component id="oc-24">
         <name>.stack</name>
         <uninitialized>true</uninitialized>
         <run_address>0x20000000</run_address>
         <size>0x4</size>
         <input_file_ref idref="fl-cd"/>
      </object_component>
      <object_component id="oc-23c">
         <name>.stack</name>
         <uninitialized>true</uninitialized>
         <run_address>0x20000000</run_address>
         <size>0x0</size>
      </object_component>
      <object_component id="oc-b2">
         <name>.debug_info</name>
         <load_address>0x0</load_address>
         <run_address>0x0</run_address>
         <size>0x4f9</size>
         <input_file_ref idref="fl-2"/>
      </object_component>
      <object_component id="oc-e1">
         <name>.debug_info</name>
         <load_address>0x4f9</load_address>
         <run_address>0x4f9</run_address>
         <size>0x10c</size>
         <input_file_ref idref="fl-2"/>
      </object_component>
      <object_component id="oc-dd">
         <name>.debug_info</name>
         <load_address>0x605</load_address>
         <run_address>0x605</run_address>
         <size>0x10a</size>
         <input_file_ref idref="fl-2"/>
      </object_component>
      <object_component id="oc-9c">
         <name>.debug_info</name>
         <load_address>0x70f</load_address>
         <run_address>0x70f</run_address>
         <size>0x5e3</size>
         <input_file_ref idref="fl-2"/>
      </object_component>
      <object_component id="oc-70">
         <name>.debug_info</name>
         <load_address>0xcf2</load_address>
         <run_address>0xcf2</run_address>
         <size>0x26b</size>
         <input_file_ref idref="fl-2"/>
      </object_component>
      <object_component id="oc-1bd">
         <name>.debug_info</name>
         <load_address>0xf5d</load_address>
         <run_address>0xf5d</run_address>
         <size>0x76</size>
         <input_file_ref idref="fl-2"/>
      </object_component>
      <object_component id="oc-131">
         <name>.debug_info</name>
         <load_address>0xfd3</load_address>
         <run_address>0xfd3</run_address>
         <size>0x3b0</size>
         <input_file_ref idref="fl-2"/>
      </object_component>
      <object_component id="oc-1ee">
         <name>.debug_info</name>
         <load_address>0x1383</load_address>
         <run_address>0x1383</run_address>
         <size>0x4c</size>
         <input_file_ref idref="fl-2"/>
      </object_component>
      <object_component id="oc-1e9">
         <name>.debug_info</name>
         <load_address>0x13cf</load_address>
         <run_address>0x13cf</run_address>
         <size>0x70</size>
         <input_file_ref idref="fl-2"/>
      </object_component>
      <object_component id="oc-1f3">
         <name>.debug_info</name>
         <load_address>0x143f</load_address>
         <run_address>0x143f</run_address>
         <size>0x82</size>
         <input_file_ref idref="fl-2"/>
      </object_component>
      <object_component id="oc-36">
         <name>.debug_info</name>
         <load_address>0x14c1</load_address>
         <run_address>0x14c1</run_address>
         <size>0x84</size>
         <input_file_ref idref="fl-2"/>
      </object_component>
      <object_component id="oc-ad">
         <name>.debug_info</name>
         <load_address>0x1545</load_address>
         <run_address>0x1545</run_address>
         <size>0x2a4</size>
         <input_file_ref idref="fl-2"/>
      </object_component>
      <object_component id="oc-75">
         <name>.debug_info</name>
         <load_address>0x17e9</load_address>
         <run_address>0x17e9</run_address>
         <size>0xbb</size>
         <input_file_ref idref="fl-2"/>
      </object_component>
      <object_component id="oc-127">
         <name>.debug_info</name>
         <load_address>0x18a4</load_address>
         <run_address>0x18a4</run_address>
         <size>0xae</size>
         <input_file_ref idref="fl-2"/>
      </object_component>
      <object_component id="oc-12c">
         <name>.debug_info</name>
         <load_address>0x1952</load_address>
         <run_address>0x1952</run_address>
         <size>0xc6</size>
         <input_file_ref idref="fl-2"/>
      </object_component>
      <object_component id="oc-2f">
         <name>.debug_info</name>
         <load_address>0x1a18</load_address>
         <run_address>0x1a18</run_address>
         <size>0x2e7</size>
         <input_file_ref idref="fl-3"/>
      </object_component>
      <object_component id="oc-13">
         <name>.debug_info</name>
         <load_address>0x1cff</load_address>
         <run_address>0x1cff</run_address>
         <size>0x126</size>
         <input_file_ref idref="fl-3"/>
      </object_component>
      <object_component id="oc-29">
         <name>.debug_info</name>
         <load_address>0x1e25</load_address>
         <run_address>0x1e25</run_address>
         <size>0x2a2</size>
         <input_file_ref idref="fl-3"/>
      </object_component>
      <object_component id="oc-15c">
         <name>.debug_info</name>
         <load_address>0x20c7</load_address>
         <run_address>0x20c7</run_address>
         <size>0x126</size>
         <input_file_ref idref="fl-4"/>
      </object_component>
      <object_component id="oc-15f">
         <name>.debug_info</name>
         <load_address>0x21ed</load_address>
         <run_address>0x21ed</run_address>
         <size>0x126</size>
         <input_file_ref idref="fl-4"/>
      </object_component>
      <object_component id="oc-cb">
         <name>.debug_info</name>
         <load_address>0x2313</load_address>
         <run_address>0x2313</run_address>
         <size>0x701</size>
         <input_file_ref idref="fl-4"/>
      </object_component>
      <object_component id="oc-13d">
         <name>.debug_info</name>
         <load_address>0x2a14</load_address>
         <run_address>0x2a14</run_address>
         <size>0x123</size>
         <input_file_ref idref="fl-5"/>
      </object_component>
      <object_component id="oc-140">
         <name>.debug_info</name>
         <load_address>0x2b37</load_address>
         <run_address>0x2b37</run_address>
         <size>0x11d</size>
         <input_file_ref idref="fl-5"/>
      </object_component>
      <object_component id="oc-143">
         <name>.debug_info</name>
         <load_address>0x2c54</load_address>
         <run_address>0x2c54</run_address>
         <size>0x123</size>
         <input_file_ref idref="fl-5"/>
      </object_component>
      <object_component id="oc-146">
         <name>.debug_info</name>
         <load_address>0x2d77</load_address>
         <run_address>0x2d77</run_address>
         <size>0x11d</size>
         <input_file_ref idref="fl-5"/>
      </object_component>
      <object_component id="oc-149">
         <name>.debug_info</name>
         <load_address>0x2e94</load_address>
         <run_address>0x2e94</run_address>
         <size>0x123</size>
         <input_file_ref idref="fl-5"/>
      </object_component>
      <object_component id="oc-14c">
         <name>.debug_info</name>
         <load_address>0x2fb7</load_address>
         <run_address>0x2fb7</run_address>
         <size>0x11d</size>
         <input_file_ref idref="fl-5"/>
      </object_component>
      <object_component id="oc-14f">
         <name>.debug_info</name>
         <load_address>0x30d4</load_address>
         <run_address>0x30d4</run_address>
         <size>0x123</size>
         <input_file_ref idref="fl-5"/>
      </object_component>
      <object_component id="oc-152">
         <name>.debug_info</name>
         <load_address>0x31f7</load_address>
         <run_address>0x31f7</run_address>
         <size>0x11d</size>
         <input_file_ref idref="fl-5"/>
      </object_component>
      <object_component id="oc-c6">
         <name>.debug_info</name>
         <load_address>0x3314</load_address>
         <run_address>0x3314</run_address>
         <size>0x435</size>
         <input_file_ref idref="fl-5"/>
      </object_component>
      <object_component id="oc-1ba">
         <name>.debug_info</name>
         <load_address>0x3749</load_address>
         <run_address>0x3749</run_address>
         <size>0x503</size>
         <input_file_ref idref="fl-6"/>
      </object_component>
      <object_component id="oc-157">
         <name>.debug_info</name>
         <load_address>0x3c4c</load_address>
         <run_address>0x3c4c</run_address>
         <size>0x7ad</size>
         <input_file_ref idref="fl-6"/>
      </object_component>
      <object_component id="oc-19c">
         <name>.debug_info</name>
         <load_address>0x43f9</load_address>
         <run_address>0x43f9</run_address>
         <size>0x6ba</size>
         <input_file_ref idref="fl-9"/>
      </object_component>
      <object_component id="oc-137">
         <name>.debug_info</name>
         <load_address>0x4ab3</load_address>
         <run_address>0x4ab3</run_address>
         <size>0x74c</size>
         <input_file_ref idref="fl-9"/>
      </object_component>
      <object_component id="oc-163">
         <name>.debug_info</name>
         <load_address>0x51ff</load_address>
         <run_address>0x51ff</run_address>
         <size>0x2a5</size>
         <input_file_ref idref="fl-a"/>
      </object_component>
      <object_component id="oc-d2">
         <name>.debug_info</name>
         <load_address>0x54a4</load_address>
         <run_address>0x54a4</run_address>
         <size>0x106a</size>
         <input_file_ref idref="fl-a"/>
      </object_component>
      <object_component id="oc-196">
         <name>.debug_info</name>
         <load_address>0x650e</load_address>
         <run_address>0x650e</run_address>
         <size>0xa45</size>
         <input_file_ref idref="fl-b"/>
      </object_component>
      <object_component id="oc-1b6">
         <name>.debug_info</name>
         <load_address>0x6f53</load_address>
         <run_address>0x6f53</run_address>
         <size>0x3a9</size>
         <input_file_ref idref="fl-c"/>
      </object_component>
      <object_component id="oc-1ae">
         <name>.debug_info</name>
         <load_address>0x72fc</load_address>
         <run_address>0x72fc</run_address>
         <size>0x1c9</size>
         <input_file_ref idref="fl-d"/>
      </object_component>
      <object_component id="oc-d8">
         <name>.debug_info</name>
         <load_address>0x74c5</load_address>
         <run_address>0x74c5</run_address>
         <size>0x2ac</size>
         <input_file_ref idref="fl-e"/>
      </object_component>
      <object_component id="oc-165">
         <name>.debug_info</name>
         <load_address>0x7771</load_address>
         <run_address>0x7771</run_address>
         <size>0x283</size>
         <input_file_ref idref="fl-f"/>
      </object_component>
      <object_component id="oc-190">
         <name>.debug_info</name>
         <load_address>0x79f4</load_address>
         <run_address>0x79f4</run_address>
         <size>0x65a</size>
         <input_file_ref idref="fl-10"/>
      </object_component>
      <object_component id="oc-8e">
         <name>.debug_info</name>
         <load_address>0x804e</load_address>
         <run_address>0x804e</run_address>
         <size>0x2d4</size>
         <input_file_ref idref="fl-ca"/>
      </object_component>
      <object_component id="oc-49">
         <name>.debug_info</name>
         <load_address>0x8322</load_address>
         <run_address>0x8322</run_address>
         <size>0x1d2</size>
         <input_file_ref idref="fl-ca"/>
      </object_component>
      <object_component id="oc-89">
         <name>.debug_info</name>
         <load_address>0x84f4</load_address>
         <run_address>0x84f4</run_address>
         <size>0x46</size>
         <input_file_ref idref="fl-ca"/>
      </object_component>
      <object_component id="oc-bb">
         <name>.debug_info</name>
         <load_address>0x853a</load_address>
         <run_address>0x853a</run_address>
         <size>0x2c</size>
         <input_file_ref idref="fl-ca"/>
      </object_component>
      <object_component id="oc-46">
         <name>.debug_info</name>
         <load_address>0x8566</load_address>
         <run_address>0x8566</run_address>
         <size>0x2a8</size>
         <input_file_ref idref="fl-cb"/>
      </object_component>
      <object_component id="oc-1c">
         <name>.debug_info</name>
         <load_address>0x880e</load_address>
         <run_address>0x880e</run_address>
         <size>0x1ea</size>
         <input_file_ref idref="fl-cb"/>
      </object_component>
      <object_component id="oc-41">
         <name>.debug_info</name>
         <load_address>0x89f8</load_address>
         <run_address>0x89f8</run_address>
         <size>0x46</size>
         <input_file_ref idref="fl-cb"/>
      </object_component>
      <object_component id="oc-81">
         <name>.debug_info</name>
         <load_address>0x8a3e</load_address>
         <run_address>0x8a3e</run_address>
         <size>0x2c</size>
         <input_file_ref idref="fl-cb"/>
      </object_component>
      <object_component id="oc-7f">
         <name>.debug_info</name>
         <load_address>0x8a6a</load_address>
         <run_address>0x8a6a</run_address>
         <size>0x29e</size>
         <input_file_ref idref="fl-cc"/>
      </object_component>
      <object_component id="oc-18">
         <name>.debug_info</name>
         <load_address>0x8d08</load_address>
         <run_address>0x8d08</run_address>
         <size>0x250</size>
         <input_file_ref idref="fl-cc"/>
      </object_component>
      <object_component id="oc-31">
         <name>.debug_info</name>
         <load_address>0x8f58</load_address>
         <run_address>0x8f58</run_address>
         <size>0x60</size>
         <input_file_ref idref="fl-cc"/>
      </object_component>
      <object_component id="oc-b4">
         <name>.debug_info</name>
         <load_address>0x8fb8</load_address>
         <run_address>0x8fb8</run_address>
         <size>0x46</size>
         <input_file_ref idref="fl-cc"/>
      </object_component>
      <object_component id="oc-7a">
         <name>.debug_info</name>
         <load_address>0x8ffe</load_address>
         <run_address>0x8ffe</run_address>
         <size>0x39</size>
         <input_file_ref idref="fl-cc"/>
      </object_component>
      <object_component id="oc-25">
         <name>.debug_info</name>
         <load_address>0x9037</load_address>
         <run_address>0x9037</run_address>
         <size>0x10b</size>
         <input_file_ref idref="fl-cd"/>
      </object_component>
      <object_component id="oc-5a">
         <name>.debug_info</name>
         <load_address>0x9142</load_address>
         <run_address>0x9142</run_address>
         <size>0x1a9</size>
         <input_file_ref idref="fl-cd"/>
      </object_component>
      <object_component id="oc-3e">
         <name>.debug_info</name>
         <load_address>0x92eb</load_address>
         <run_address>0x92eb</run_address>
         <size>0x119</size>
         <input_file_ref idref="fl-ce"/>
      </object_component>
      <object_component id="oc-17a">
         <name>.debug_info</name>
         <load_address>0x9404</load_address>
         <run_address>0x9404</run_address>
         <size>0x4b3</size>
         <input_file_ref idref="fl-d0"/>
      </object_component>
      <object_component id="oc-f4">
         <name>.debug_info</name>
         <load_address>0x98b7</load_address>
         <run_address>0x98b7</run_address>
         <size>0x1a6</size>
         <input_file_ref idref="fl-d0"/>
      </object_component>
      <object_component id="oc-1d7">
         <name>.debug_info</name>
         <load_address>0x9a5d</load_address>
         <run_address>0x9a5d</run_address>
         <size>0x39</size>
         <input_file_ref idref="fl-d0"/>
      </object_component>
      <object_component id="oc-202">
         <name>.debug_info</name>
         <load_address>0x9a96</load_address>
         <run_address>0x9a96</run_address>
         <size>0x39</size>
         <input_file_ref idref="fl-d0"/>
      </object_component>
      <object_component id="oc-1dc">
         <name>.debug_info</name>
         <load_address>0x9acf</load_address>
         <run_address>0x9acf</run_address>
         <size>0x39</size>
         <input_file_ref idref="fl-d0"/>
      </object_component>
      <object_component id="oc-1e1">
         <name>.debug_info</name>
         <load_address>0x9b08</load_address>
         <run_address>0x9b08</run_address>
         <size>0xcd</size>
         <input_file_ref idref="fl-d0"/>
      </object_component>
      <object_component id="oc-97">
         <name>.debug_info</name>
         <load_address>0x9bd5</load_address>
         <run_address>0x9bd5</run_address>
         <size>0x153</size>
         <input_file_ref idref="fl-d1"/>
      </object_component>
      <object_component id="oc-ea">
         <name>.debug_info</name>
         <load_address>0x9d28</load_address>
         <run_address>0x9d28</run_address>
         <size>0x122</size>
         <input_file_ref idref="fl-d3"/>
      </object_component>
      <object_component id="oc-23d">
         <name>.debug_info</name>
         <load_address>0x9e4a</load_address>
         <run_address>0x9e4a</run_address>
         <size>0xd9</size>
      </object_component>
      <object_component id="oc-126">
         <name>.debug_line</name>
         <load_address>0x0</load_address>
         <run_address>0x0</run_address>
         <size>0xa4</size>
         <input_file_ref idref="fl-2"/>
      </object_component>
      <object_component id="oc-16e">
         <name>.debug_line</name>
         <load_address>0xa4</load_address>
         <run_address>0xa4</run_address>
         <size>0x2d</size>
         <input_file_ref idref="fl-2"/>
      </object_component>
      <object_component id="oc-16c">
         <name>.debug_line</name>
         <load_address>0xd1</load_address>
         <run_address>0xd1</run_address>
         <size>0x2d</size>
         <input_file_ref idref="fl-2"/>
      </object_component>
      <object_component id="oc-9f">
         <name>.debug_line</name>
         <load_address>0xfe</load_address>
         <run_address>0xfe</run_address>
         <size>0x14e</size>
         <input_file_ref idref="fl-2"/>
      </object_component>
      <object_component id="oc-73">
         <name>.debug_line</name>
         <load_address>0x24c</load_address>
         <run_address>0x24c</run_address>
         <size>0x6f</size>
         <input_file_ref idref="fl-2"/>
      </object_component>
      <object_component id="oc-1c0">
         <name>.debug_line</name>
         <load_address>0x2bb</load_address>
         <run_address>0x2bb</run_address>
         <size>0x5c</size>
         <input_file_ref idref="fl-2"/>
      </object_component>
      <object_component id="oc-134">
         <name>.debug_line</name>
         <load_address>0x317</load_address>
         <run_address>0x317</run_address>
         <size>0x3d</size>
         <input_file_ref idref="fl-2"/>
      </object_component>
      <object_component id="oc-1f1">
         <name>.debug_line</name>
         <load_address>0x354</load_address>
         <run_address>0x354</run_address>
         <size>0x47</size>
         <input_file_ref idref="fl-2"/>
      </object_component>
      <object_component id="oc-1ec">
         <name>.debug_line</name>
         <load_address>0x39b</load_address>
         <run_address>0x39b</run_address>
         <size>0x52</size>
         <input_file_ref idref="fl-2"/>
      </object_component>
      <object_component id="oc-1f6">
         <name>.debug_line</name>
         <load_address>0x3ed</load_address>
         <run_address>0x3ed</run_address>
         <size>0x49</size>
         <input_file_ref idref="fl-2"/>
      </object_component>
      <object_component id="oc-39">
         <name>.debug_line</name>
         <load_address>0x436</load_address>
         <run_address>0x436</run_address>
         <size>0x20</size>
         <input_file_ref idref="fl-2"/>
      </object_component>
      <object_component id="oc-b0">
         <name>.debug_line</name>
         <load_address>0x456</load_address>
         <run_address>0x456</run_address>
         <size>0x73</size>
         <input_file_ref idref="fl-2"/>
      </object_component>
      <object_component id="oc-78">
         <name>.debug_line</name>
         <load_address>0x4c9</load_address>
         <run_address>0x4c9</run_address>
         <size>0x70</size>
         <input_file_ref idref="fl-2"/>
      </object_component>
      <object_component id="oc-12a">
         <name>.debug_line</name>
         <load_address>0x539</load_address>
         <run_address>0x539</run_address>
         <size>0x48</size>
         <input_file_ref idref="fl-2"/>
      </object_component>
      <object_component id="oc-12f">
         <name>.debug_line</name>
         <load_address>0x581</load_address>
         <run_address>0x581</run_address>
         <size>0x37</size>
         <input_file_ref idref="fl-2"/>
      </object_component>
      <object_component id="oc-6f">
         <name>.debug_line</name>
         <load_address>0x5b8</load_address>
         <run_address>0x5b8</run_address>
         <size>0x41</size>
         <input_file_ref idref="fl-3"/>
      </object_component>
      <object_component id="oc-2e">
         <name>.debug_line</name>
         <load_address>0x5f9</load_address>
         <run_address>0x5f9</run_address>
         <size>0x41</size>
         <input_file_ref idref="fl-3"/>
      </object_component>
      <object_component id="oc-28">
         <name>.debug_line</name>
         <load_address>0x63a</load_address>
         <run_address>0x63a</run_address>
         <size>0xa1</size>
         <input_file_ref idref="fl-3"/>
      </object_component>
      <object_component id="oc-1bc">
         <name>.debug_line</name>
         <load_address>0x6db</load_address>
         <run_address>0x6db</run_address>
         <size>0x45</size>
         <input_file_ref idref="fl-4"/>
      </object_component>
      <object_component id="oc-1c3">
         <name>.debug_line</name>
         <load_address>0x720</load_address>
         <run_address>0x720</run_address>
         <size>0x45</size>
         <input_file_ref idref="fl-4"/>
      </object_component>
      <object_component id="oc-cf">
         <name>.debug_line</name>
         <load_address>0x765</load_address>
         <run_address>0x765</run_address>
         <size>0x11d</size>
         <input_file_ref idref="fl-4"/>
      </object_component>
      <object_component id="oc-19e">
         <name>.debug_line</name>
         <load_address>0x882</load_address>
         <run_address>0x882</run_address>
         <size>0x3a</size>
         <input_file_ref idref="fl-5"/>
      </object_component>
      <object_component id="oc-1a0">
         <name>.debug_line</name>
         <load_address>0x8bc</load_address>
         <run_address>0x8bc</run_address>
         <size>0x3a</size>
         <input_file_ref idref="fl-5"/>
      </object_component>
      <object_component id="oc-1a2">
         <name>.debug_line</name>
         <load_address>0x8f6</load_address>
         <run_address>0x8f6</run_address>
         <size>0x3a</size>
         <input_file_ref idref="fl-5"/>
      </object_component>
      <object_component id="oc-1a4">
         <name>.debug_line</name>
         <load_address>0x930</load_address>
         <run_address>0x930</run_address>
         <size>0x3a</size>
         <input_file_ref idref="fl-5"/>
      </object_component>
      <object_component id="oc-1a6">
         <name>.debug_line</name>
         <load_address>0x96a</load_address>
         <run_address>0x96a</run_address>
         <size>0x3a</size>
         <input_file_ref idref="fl-5"/>
      </object_component>
      <object_component id="oc-1a8">
         <name>.debug_line</name>
         <load_address>0x9a4</load_address>
         <run_address>0x9a4</run_address>
         <size>0x3a</size>
         <input_file_ref idref="fl-5"/>
      </object_component>
      <object_component id="oc-1aa">
         <name>.debug_line</name>
         <load_address>0x9de</load_address>
         <run_address>0x9de</run_address>
         <size>0x3a</size>
         <input_file_ref idref="fl-5"/>
      </object_component>
      <object_component id="oc-1ac">
         <name>.debug_line</name>
         <load_address>0xa18</load_address>
         <run_address>0xa18</run_address>
         <size>0x3a</size>
         <input_file_ref idref="fl-5"/>
      </object_component>
      <object_component id="oc-c9">
         <name>.debug_line</name>
         <load_address>0xa52</load_address>
         <run_address>0xa52</run_address>
         <size>0xc4</size>
         <input_file_ref idref="fl-5"/>
      </object_component>
      <object_component id="oc-1fe">
         <name>.debug_line</name>
         <load_address>0xb16</load_address>
         <run_address>0xb16</run_address>
         <size>0xcb</size>
         <input_file_ref idref="fl-6"/>
      </object_component>
      <object_component id="oc-15a">
         <name>.debug_line</name>
         <load_address>0xbe1</load_address>
         <run_address>0xbe1</run_address>
         <size>0xe9</size>
         <input_file_ref idref="fl-6"/>
      </object_component>
      <object_component id="oc-1fa">
         <name>.debug_line</name>
         <load_address>0xcca</load_address>
         <run_address>0xcca</run_address>
         <size>0x103</size>
         <input_file_ref idref="fl-9"/>
      </object_component>
      <object_component id="oc-13a">
         <name>.debug_line</name>
         <load_address>0xdcd</load_address>
         <run_address>0xdcd</run_address>
         <size>0xf2</size>
         <input_file_ref idref="fl-9"/>
      </object_component>
      <object_component id="oc-1c5">
         <name>.debug_line</name>
         <load_address>0xebf</load_address>
         <run_address>0xebf</run_address>
         <size>0x20</size>
         <input_file_ref idref="fl-a"/>
      </object_component>
      <object_component id="oc-d5">
         <name>.debug_line</name>
         <load_address>0xedf</load_address>
         <run_address>0xedf</run_address>
         <size>0x644</size>
         <input_file_ref idref="fl-a"/>
      </object_component>
      <object_component id="oc-199">
         <name>.debug_line</name>
         <load_address>0x1523</load_address>
         <run_address>0x1523</run_address>
         <size>0x232</size>
         <input_file_ref idref="fl-b"/>
      </object_component>
      <object_component id="oc-1b5">
         <name>.debug_line</name>
         <load_address>0x1755</load_address>
         <run_address>0x1755</run_address>
         <size>0xaa</size>
         <input_file_ref idref="fl-c"/>
      </object_component>
      <object_component id="oc-1b2">
         <name>.debug_line</name>
         <load_address>0x17ff</load_address>
         <run_address>0x17ff</run_address>
         <size>0x62</size>
         <input_file_ref idref="fl-d"/>
      </object_component>
      <object_component id="oc-d7">
         <name>.debug_line</name>
         <load_address>0x1861</load_address>
         <run_address>0x1861</run_address>
         <size>0x7e</size>
         <input_file_ref idref="fl-e"/>
      </object_component>
      <object_component id="oc-168">
         <name>.debug_line</name>
         <load_address>0x18df</load_address>
         <run_address>0x18df</run_address>
         <size>0x90</size>
         <input_file_ref idref="fl-f"/>
      </object_component>
      <object_component id="oc-193">
         <name>.debug_line</name>
         <load_address>0x196f</load_address>
         <run_address>0x196f</run_address>
         <size>0x186</size>
         <input_file_ref idref="fl-10"/>
      </object_component>
      <object_component id="oc-c1">
         <name>.debug_line</name>
         <load_address>0x1af5</load_address>
         <run_address>0x1af5</run_address>
         <size>0x92</size>
         <input_file_ref idref="fl-ca"/>
      </object_component>
      <object_component id="oc-4c">
         <name>.debug_line</name>
         <load_address>0x1b87</load_address>
         <run_address>0x1b87</run_address>
         <size>0x4c</size>
         <input_file_ref idref="fl-ca"/>
      </object_component>
      <object_component id="oc-8c">
         <name>.debug_line</name>
         <load_address>0x1bd3</load_address>
         <run_address>0x1bd3</run_address>
         <size>0x34</size>
         <input_file_ref idref="fl-ca"/>
      </object_component>
      <object_component id="oc-be">
         <name>.debug_line</name>
         <load_address>0x1c07</load_address>
         <run_address>0x1c07</run_address>
         <size>0x92</size>
         <input_file_ref idref="fl-ca"/>
      </object_component>
      <object_component id="oc-87">
         <name>.debug_line</name>
         <load_address>0x1c99</load_address>
         <run_address>0x1c99</run_address>
         <size>0x20</size>
         <input_file_ref idref="fl-cb"/>
      </object_component>
      <object_component id="oc-20">
         <name>.debug_line</name>
         <load_address>0x1cb9</load_address>
         <run_address>0x1cb9</run_address>
         <size>0x55</size>
         <input_file_ref idref="fl-cb"/>
      </object_component>
      <object_component id="oc-44">
         <name>.debug_line</name>
         <load_address>0x1d0e</load_address>
         <run_address>0x1d0e</run_address>
         <size>0x3a</size>
         <input_file_ref idref="fl-cb"/>
      </object_component>
      <object_component id="oc-84">
         <name>.debug_line</name>
         <load_address>0x1d48</load_address>
         <run_address>0x1d48</run_address>
         <size>0x92</size>
         <input_file_ref idref="fl-cb"/>
      </object_component>
      <object_component id="oc-ba">
         <name>.debug_line</name>
         <load_address>0x1dda</load_address>
         <run_address>0x1dda</run_address>
         <size>0x20</size>
         <input_file_ref idref="fl-cc"/>
      </object_component>
      <object_component id="oc-16">
         <name>.debug_line</name>
         <load_address>0x1dfa</load_address>
         <run_address>0x1dfa</run_address>
         <size>0xa9</size>
         <input_file_ref idref="fl-cc"/>
      </object_component>
      <object_component id="oc-34">
         <name>.debug_line</name>
         <load_address>0x1ea3</load_address>
         <run_address>0x1ea3</run_address>
         <size>0x3a</size>
         <input_file_ref idref="fl-cc"/>
      </object_component>
      <object_component id="oc-b7">
         <name>.debug_line</name>
         <load_address>0x1edd</load_address>
         <run_address>0x1edd</run_address>
         <size>0x9a</size>
         <input_file_ref idref="fl-cc"/>
      </object_component>
      <object_component id="oc-7d">
         <name>.debug_line</name>
         <load_address>0x1f77</load_address>
         <run_address>0x1f77</run_address>
         <size>0x96</size>
         <input_file_ref idref="fl-cc"/>
      </object_component>
      <object_component id="oc-6c">
         <name>.debug_line</name>
         <load_address>0x200d</load_address>
         <run_address>0x200d</run_address>
         <size>0x33</size>
         <input_file_ref idref="fl-cd"/>
      </object_component>
      <object_component id="oc-5d">
         <name>.debug_line</name>
         <load_address>0x2040</load_address>
         <run_address>0x2040</run_address>
         <size>0x45</size>
         <input_file_ref idref="fl-cd"/>
      </object_component>
      <object_component id="oc-3c">
         <name>.debug_line</name>
         <load_address>0x2085</load_address>
         <run_address>0x2085</run_address>
         <size>0x88</size>
         <input_file_ref idref="fl-ce"/>
      </object_component>
      <object_component id="oc-1d6">
         <name>.debug_line</name>
         <load_address>0x210d</load_address>
         <run_address>0x210d</run_address>
         <size>0xbf</size>
         <input_file_ref idref="fl-d0"/>
      </object_component>
      <object_component id="oc-f7">
         <name>.debug_line</name>
         <load_address>0x21cc</load_address>
         <run_address>0x21cc</run_address>
         <size>0x6f</size>
         <input_file_ref idref="fl-d0"/>
      </object_component>
      <object_component id="oc-1da">
         <name>.debug_line</name>
         <load_address>0x223b</load_address>
         <run_address>0x223b</run_address>
         <size>0x2e</size>
         <input_file_ref idref="fl-d0"/>
      </object_component>
      <object_component id="oc-205">
         <name>.debug_line</name>
         <load_address>0x2269</load_address>
         <run_address>0x2269</run_address>
         <size>0x9a</size>
         <input_file_ref idref="fl-d0"/>
      </object_component>
      <object_component id="oc-1df">
         <name>.debug_line</name>
         <load_address>0x2303</load_address>
         <run_address>0x2303</run_address>
         <size>0x97</size>
         <input_file_ref idref="fl-d0"/>
      </object_component>
      <object_component id="oc-1e4">
         <name>.debug_line</name>
         <load_address>0x239a</load_address>
         <run_address>0x239a</run_address>
         <size>0x93</size>
         <input_file_ref idref="fl-d0"/>
      </object_component>
      <object_component id="oc-99">
         <name>.debug_line</name>
         <load_address>0x242d</load_address>
         <run_address>0x242d</run_address>
         <size>0x40</size>
         <input_file_ref idref="fl-d1"/>
      </object_component>
      <object_component id="oc-e8">
         <name>.debug_line</name>
         <load_address>0x246d</load_address>
         <run_address>0x246d</run_address>
         <size>0x3c</size>
         <input_file_ref idref="fl-d3"/>
      </object_component>
      <object_component id="oc-a0">
         <name>.debug_frame</name>
         <load_address>0x0</load_address>
         <run_address>0x0</run_address>
         <size>0x118</size>
         <input_file_ref idref="fl-2"/>
      </object_component>
      <object_component id="oc-2c">
         <name>.debug_frame</name>
         <load_address>0x118</load_address>
         <run_address>0x118</run_address>
         <size>0x90</size>
         <input_file_ref idref="fl-3"/>
      </object_component>
      <object_component id="oc-ce">
         <name>.debug_frame</name>
         <load_address>0x1a8</load_address>
         <run_address>0x1a8</run_address>
         <size>0x100</size>
         <input_file_ref idref="fl-4"/>
      </object_component>
      <object_component id="oc-c5">
         <name>.debug_frame</name>
         <load_address>0x2a8</load_address>
         <run_address>0x2a8</run_address>
         <size>0xb8</size>
         <input_file_ref idref="fl-5"/>
      </object_component>
      <object_component id="oc-156">
         <name>.debug_frame</name>
         <load_address>0x360</load_address>
         <run_address>0x360</run_address>
         <size>0xcc</size>
         <input_file_ref idref="fl-6"/>
      </object_component>
      <object_component id="oc-13b">
         <name>.debug_frame</name>
         <load_address>0x42c</load_address>
         <run_address>0x42c</run_address>
         <size>0x94</size>
         <input_file_ref idref="fl-9"/>
      </object_component>
      <object_component id="oc-d1">
         <name>.debug_frame</name>
         <load_address>0x4c0</load_address>
         <run_address>0x4c0</run_address>
         <size>0x1b4</size>
         <input_file_ref idref="fl-a"/>
      </object_component>
      <object_component id="oc-19a">
         <name>.debug_frame</name>
         <load_address>0x674</load_address>
         <run_address>0x674</run_address>
         <size>0x160</size>
         <input_file_ref idref="fl-b"/>
      </object_component>
      <object_component id="oc-1b8">
         <name>.debug_frame</name>
         <load_address>0x7d4</load_address>
         <run_address>0x7d4</run_address>
         <size>0xa0</size>
         <input_file_ref idref="fl-c"/>
      </object_component>
      <object_component id="oc-1b1">
         <name>.debug_frame</name>
         <load_address>0x874</load_address>
         <run_address>0x874</run_address>
         <size>0x68</size>
         <input_file_ref idref="fl-d"/>
      </object_component>
      <object_component id="oc-db">
         <name>.debug_frame</name>
         <load_address>0x8dc</load_address>
         <run_address>0x8dc</run_address>
         <size>0x78</size>
         <input_file_ref idref="fl-e"/>
      </object_component>
      <object_component id="oc-169">
         <name>.debug_frame</name>
         <load_address>0x954</load_address>
         <run_address>0x954</run_address>
         <size>0x80</size>
         <input_file_ref idref="fl-f"/>
      </object_component>
      <object_component id="oc-194">
         <name>.debug_frame</name>
         <load_address>0x9d4</load_address>
         <run_address>0x9d4</run_address>
         <size>0x100</size>
         <input_file_ref idref="fl-10"/>
      </object_component>
      <object_component id="oc-4b">
         <name>.debug_frame</name>
         <load_address>0xad4</load_address>
         <run_address>0xad4</run_address>
         <size>0x54</size>
         <input_file_ref idref="fl-ca"/>
      </object_component>
      <object_component id="oc-1f">
         <name>.debug_frame</name>
         <load_address>0xb28</load_address>
         <run_address>0xb28</run_address>
         <size>0x54</size>
         <input_file_ref idref="fl-cb"/>
      </object_component>
      <object_component id="oc-1a">
         <name>.debug_frame</name>
         <load_address>0xb7c</load_address>
         <run_address>0xb7c</run_address>
         <size>0x60</size>
         <input_file_ref idref="fl-cc"/>
      </object_component>
      <object_component id="oc-5e">
         <name>.debug_frame</name>
         <load_address>0xbdc</load_address>
         <run_address>0xbdc</run_address>
         <size>0x50</size>
         <input_file_ref idref="fl-cd"/>
      </object_component>
      <object_component id="oc-f8">
         <name>.debug_frame</name>
         <load_address>0xc2c</load_address>
         <run_address>0xc2c</run_address>
         <size>0x5c</size>
         <input_file_ref idref="fl-d0"/>
      </object_component>
      <object_component id="oc-9a">
         <name>.debug_frame</name>
         <load_address>0xc88</load_address>
         <run_address>0xc88</run_address>
         <size>0x54</size>
         <input_file_ref idref="fl-d1"/>
      </object_component>
      <object_component id="oc-e9">
         <name>.debug_frame</name>
         <load_address>0xcdc</load_address>
         <run_address>0xcdc</run_address>
         <size>0x54</size>
         <input_file_ref idref="fl-d3"/>
      </object_component>
      <object_component id="oc-125">
         <name>.debug_abbrev</name>
         <load_address>0x0</load_address>
         <run_address>0x0</run_address>
         <size>0xa6</size>
         <input_file_ref idref="fl-2"/>
      </object_component>
      <object_component id="oc-16d">
         <name>.debug_abbrev</name>
         <load_address>0xa6</load_address>
         <run_address>0xa6</run_address>
         <size>0x29</size>
         <input_file_ref idref="fl-2"/>
      </object_component>
      <object_component id="oc-16b">
         <name>.debug_abbrev</name>
         <load_address>0xcf</load_address>
         <run_address>0xcf</run_address>
         <size>0x29</size>
         <input_file_ref idref="fl-2"/>
      </object_component>
      <object_component id="oc-e6">
         <name>.debug_abbrev</name>
         <load_address>0xf8</load_address>
         <run_address>0xf8</run_address>
         <size>0xe7</size>
         <input_file_ref idref="fl-2"/>
      </object_component>
      <object_component id="oc-72">
         <name>.debug_abbrev</name>
         <load_address>0x1df</load_address>
         <run_address>0x1df</run_address>
         <size>0x69</size>
         <input_file_ref idref="fl-2"/>
      </object_component>
      <object_component id="oc-1bf">
         <name>.debug_abbrev</name>
         <load_address>0x248</load_address>
         <run_address>0x248</run_address>
         <size>0x4b</size>
         <input_file_ref idref="fl-2"/>
      </object_component>
      <object_component id="oc-133">
         <name>.debug_abbrev</name>
         <load_address>0x293</load_address>
         <run_address>0x293</run_address>
         <size>0x55</size>
         <input_file_ref idref="fl-2"/>
      </object_component>
      <object_component id="oc-1f0">
         <name>.debug_abbrev</name>
         <load_address>0x2e8</load_address>
         <run_address>0x2e8</run_address>
         <size>0x44</size>
         <input_file_ref idref="fl-2"/>
      </object_component>
      <object_component id="oc-1eb">
         <name>.debug_abbrev</name>
         <load_address>0x32c</load_address>
         <run_address>0x32c</run_address>
         <size>0x44</size>
         <input_file_ref idref="fl-2"/>
      </object_component>
      <object_component id="oc-1f5">
         <name>.debug_abbrev</name>
         <load_address>0x370</load_address>
         <run_address>0x370</run_address>
         <size>0x44</size>
         <input_file_ref idref="fl-2"/>
      </object_component>
      <object_component id="oc-38">
         <name>.debug_abbrev</name>
         <load_address>0x3b4</load_address>
         <run_address>0x3b4</run_address>
         <size>0x1f</size>
         <input_file_ref idref="fl-2"/>
      </object_component>
      <object_component id="oc-af">
         <name>.debug_abbrev</name>
         <load_address>0x3d3</load_address>
         <run_address>0x3d3</run_address>
         <size>0x5c</size>
         <input_file_ref idref="fl-2"/>
      </object_component>
      <object_component id="oc-77">
         <name>.debug_abbrev</name>
         <load_address>0x42f</load_address>
         <run_address>0x42f</run_address>
         <size>0x24</size>
         <input_file_ref idref="fl-2"/>
      </object_component>
      <object_component id="oc-129">
         <name>.debug_abbrev</name>
         <load_address>0x453</load_address>
         <run_address>0x453</run_address>
         <size>0x24</size>
         <input_file_ref idref="fl-2"/>
      </object_component>
      <object_component id="oc-12e">
         <name>.debug_abbrev</name>
         <load_address>0x477</load_address>
         <run_address>0x477</run_address>
         <size>0x4b</size>
         <input_file_ref idref="fl-2"/>
      </object_component>
      <object_component id="oc-6e">
         <name>.debug_abbrev</name>
         <load_address>0x4c2</load_address>
         <run_address>0x4c2</run_address>
         <size>0x68</size>
         <input_file_ref idref="fl-3"/>
      </object_component>
      <object_component id="oc-2d">
         <name>.debug_abbrev</name>
         <load_address>0x52a</load_address>
         <run_address>0x52a</run_address>
         <size>0x29</size>
         <input_file_ref idref="fl-3"/>
      </object_component>
      <object_component id="oc-6d">
         <name>.debug_abbrev</name>
         <load_address>0x553</load_address>
         <run_address>0x553</run_address>
         <size>0x79</size>
         <input_file_ref idref="fl-3"/>
      </object_component>
      <object_component id="oc-1bb">
         <name>.debug_abbrev</name>
         <load_address>0x5cc</load_address>
         <run_address>0x5cc</run_address>
         <size>0x29</size>
         <input_file_ref idref="fl-4"/>
      </object_component>
      <object_component id="oc-1c2">
         <name>.debug_abbrev</name>
         <load_address>0x5f5</load_address>
         <run_address>0x5f5</run_address>
         <size>0x29</size>
         <input_file_ref idref="fl-4"/>
      </object_component>
      <object_component id="oc-161">
         <name>.debug_abbrev</name>
         <load_address>0x61e</load_address>
         <run_address>0x61e</run_address>
         <size>0x7a</size>
         <input_file_ref idref="fl-4"/>
      </object_component>
      <object_component id="oc-19d">
         <name>.debug_abbrev</name>
         <load_address>0x698</load_address>
         <run_address>0x698</run_address>
         <size>0x29</size>
         <input_file_ref idref="fl-5"/>
      </object_component>
      <object_component id="oc-19f">
         <name>.debug_abbrev</name>
         <load_address>0x6c1</load_address>
         <run_address>0x6c1</run_address>
         <size>0x29</size>
         <input_file_ref idref="fl-5"/>
      </object_component>
      <object_component id="oc-1a1">
         <name>.debug_abbrev</name>
         <load_address>0x6ea</load_address>
         <run_address>0x6ea</run_address>
         <size>0x29</size>
         <input_file_ref idref="fl-5"/>
      </object_component>
      <object_component id="oc-1a3">
         <name>.debug_abbrev</name>
         <load_address>0x713</load_address>
         <run_address>0x713</run_address>
         <size>0x29</size>
         <input_file_ref idref="fl-5"/>
      </object_component>
      <object_component id="oc-1a5">
         <name>.debug_abbrev</name>
         <load_address>0x73c</load_address>
         <run_address>0x73c</run_address>
         <size>0x29</size>
         <input_file_ref idref="fl-5"/>
      </object_component>
      <object_component id="oc-1a7">
         <name>.debug_abbrev</name>
         <load_address>0x765</load_address>
         <run_address>0x765</run_address>
         <size>0x29</size>
         <input_file_ref idref="fl-5"/>
      </object_component>
      <object_component id="oc-1a9">
         <name>.debug_abbrev</name>
         <load_address>0x78e</load_address>
         <run_address>0x78e</run_address>
         <size>0x29</size>
         <input_file_ref idref="fl-5"/>
      </object_component>
      <object_component id="oc-1ab">
         <name>.debug_abbrev</name>
         <load_address>0x7b7</load_address>
         <run_address>0x7b7</run_address>
         <size>0x29</size>
         <input_file_ref idref="fl-5"/>
      </object_component>
      <object_component id="oc-154">
         <name>.debug_abbrev</name>
         <load_address>0x7e0</load_address>
         <run_address>0x7e0</run_address>
         <size>0x9b</size>
         <input_file_ref idref="fl-5"/>
      </object_component>
      <object_component id="oc-1fd">
         <name>.debug_abbrev</name>
         <load_address>0x87b</load_address>
         <run_address>0x87b</run_address>
         <size>0x5f</size>
         <input_file_ref idref="fl-6"/>
      </object_component>
      <object_component id="oc-1b9">
         <name>.debug_abbrev</name>
         <load_address>0x8da</load_address>
         <run_address>0x8da</run_address>
         <size>0x7a</size>
         <input_file_ref idref="fl-6"/>
      </object_component>
      <object_component id="oc-1f9">
         <name>.debug_abbrev</name>
         <load_address>0x954</load_address>
         <run_address>0x954</run_address>
         <size>0x75</size>
         <input_file_ref idref="fl-9"/>
      </object_component>
      <object_component id="oc-19b">
         <name>.debug_abbrev</name>
         <load_address>0x9c9</load_address>
         <run_address>0x9c9</run_address>
         <size>0xd4</size>
         <input_file_ref idref="fl-9"/>
      </object_component>
      <object_component id="oc-1c4">
         <name>.debug_abbrev</name>
         <load_address>0xa9d</load_address>
         <run_address>0xa9d</run_address>
         <size>0x27</size>
         <input_file_ref idref="fl-a"/>
      </object_component>
      <object_component id="oc-162">
         <name>.debug_abbrev</name>
         <load_address>0xac4</load_address>
         <run_address>0xac4</run_address>
         <size>0x103</size>
         <input_file_ref idref="fl-a"/>
      </object_component>
      <object_component id="oc-1f8">
         <name>.debug_abbrev</name>
         <load_address>0xbc7</load_address>
         <run_address>0xbc7</run_address>
         <size>0xf9</size>
         <input_file_ref idref="fl-b"/>
      </object_component>
      <object_component id="oc-1fc">
         <name>.debug_abbrev</name>
         <load_address>0xcc0</load_address>
         <run_address>0xcc0</run_address>
         <size>0x7a</size>
         <input_file_ref idref="fl-c"/>
      </object_component>
      <object_component id="oc-1fb">
         <name>.debug_abbrev</name>
         <load_address>0xd3a</load_address>
         <run_address>0xd3a</run_address>
         <size>0x50</size>
         <input_file_ref idref="fl-d"/>
      </object_component>
      <object_component id="oc-16a">
         <name>.debug_abbrev</name>
         <load_address>0xd8a</load_address>
         <run_address>0xd8a</run_address>
         <size>0x7a</size>
         <input_file_ref idref="fl-e"/>
      </object_component>
      <object_component id="oc-1c6">
         <name>.debug_abbrev</name>
         <load_address>0xe04</load_address>
         <run_address>0xe04</run_address>
         <size>0x6c</size>
         <input_file_ref idref="fl-f"/>
      </object_component>
      <object_component id="oc-1e8">
         <name>.debug_abbrev</name>
         <load_address>0xe70</load_address>
         <run_address>0xe70</run_address>
         <size>0xc6</size>
         <input_file_ref idref="fl-10"/>
      </object_component>
      <object_component id="oc-c0">
         <name>.debug_abbrev</name>
         <load_address>0xf36</load_address>
         <run_address>0xf36</run_address>
         <size>0x5d</size>
         <input_file_ref idref="fl-ca"/>
      </object_component>
      <object_component id="oc-88">
         <name>.debug_abbrev</name>
         <load_address>0xf93</load_address>
         <run_address>0xf93</run_address>
         <size>0x6f</size>
         <input_file_ref idref="fl-ca"/>
      </object_component>
      <object_component id="oc-8b">
         <name>.debug_abbrev</name>
         <load_address>0x1002</load_address>
         <run_address>0x1002</run_address>
         <size>0x24</size>
         <input_file_ref idref="fl-ca"/>
      </object_component>
      <object_component id="oc-bd">
         <name>.debug_abbrev</name>
         <load_address>0x1026</load_address>
         <run_address>0x1026</run_address>
         <size>0x24</size>
         <input_file_ref idref="fl-ca"/>
      </object_component>
      <object_component id="oc-86">
         <name>.debug_abbrev</name>
         <load_address>0x104a</load_address>
         <run_address>0x104a</run_address>
         <size>0x37</size>
         <input_file_ref idref="fl-cb"/>
      </object_component>
      <object_component id="oc-40">
         <name>.debug_abbrev</name>
         <load_address>0x1081</load_address>
         <run_address>0x1081</run_address>
         <size>0x74</size>
         <input_file_ref idref="fl-cb"/>
      </object_component>
      <object_component id="oc-43">
         <name>.debug_abbrev</name>
         <load_address>0x10f5</load_address>
         <run_address>0x10f5</run_address>
         <size>0x24</size>
         <input_file_ref idref="fl-cb"/>
      </object_component>
      <object_component id="oc-83">
         <name>.debug_abbrev</name>
         <load_address>0x1119</load_address>
         <run_address>0x1119</run_address>
         <size>0x24</size>
         <input_file_ref idref="fl-cb"/>
      </object_component>
      <object_component id="oc-b9">
         <name>.debug_abbrev</name>
         <load_address>0x113d</load_address>
         <run_address>0x113d</run_address>
         <size>0x37</size>
         <input_file_ref idref="fl-cc"/>
      </object_component>
      <object_component id="oc-30">
         <name>.debug_abbrev</name>
         <load_address>0x1174</load_address>
         <run_address>0x1174</run_address>
         <size>0x6f</size>
         <input_file_ref idref="fl-cc"/>
      </object_component>
      <object_component id="oc-33">
         <name>.debug_abbrev</name>
         <load_address>0x11e3</load_address>
         <run_address>0x11e3</run_address>
         <size>0x24</size>
         <input_file_ref idref="fl-cc"/>
      </object_component>
      <object_component id="oc-b6">
         <name>.debug_abbrev</name>
         <load_address>0x1207</load_address>
         <run_address>0x1207</run_address>
         <size>0x35</size>
         <input_file_ref idref="fl-cc"/>
      </object_component>
      <object_component id="oc-7c">
         <name>.debug_abbrev</name>
         <load_address>0x123c</load_address>
         <run_address>0x123c</run_address>
         <size>0x24</size>
         <input_file_ref idref="fl-cc"/>
      </object_component>
      <object_component id="oc-6b">
         <name>.debug_abbrev</name>
         <load_address>0x1260</load_address>
         <run_address>0x1260</run_address>
         <size>0x29</size>
         <input_file_ref idref="fl-cd"/>
      </object_component>
      <object_component id="oc-a4">
         <name>.debug_abbrev</name>
         <load_address>0x1289</load_address>
         <run_address>0x1289</run_address>
         <size>0x55</size>
         <input_file_ref idref="fl-cd"/>
      </object_component>
      <object_component id="oc-80">
         <name>.debug_abbrev</name>
         <load_address>0x12de</load_address>
         <run_address>0x12de</run_address>
         <size>0x3e</size>
         <input_file_ref idref="fl-ce"/>
      </object_component>
      <object_component id="oc-1d5">
         <name>.debug_abbrev</name>
         <load_address>0x131c</load_address>
         <run_address>0x131c</run_address>
         <size>0xc0</size>
         <input_file_ref idref="fl-d0"/>
      </object_component>
      <object_component id="oc-179">
         <name>.debug_abbrev</name>
         <load_address>0x13dc</load_address>
         <run_address>0x13dc</run_address>
         <size>0x7e</size>
         <input_file_ref idref="fl-d0"/>
      </object_component>
      <object_component id="oc-1d9">
         <name>.debug_abbrev</name>
         <load_address>0x145a</load_address>
         <run_address>0x145a</run_address>
         <size>0x24</size>
         <input_file_ref idref="fl-d0"/>
      </object_component>
      <object_component id="oc-204">
         <name>.debug_abbrev</name>
         <load_address>0x147e</load_address>
         <run_address>0x147e</run_address>
         <size>0x24</size>
         <input_file_ref idref="fl-d0"/>
      </object_component>
      <object_component id="oc-1de">
         <name>.debug_abbrev</name>
         <load_address>0x14a2</load_address>
         <run_address>0x14a2</run_address>
         <size>0x24</size>
         <input_file_ref idref="fl-d0"/>
      </object_component>
      <object_component id="oc-1e3">
         <name>.debug_abbrev</name>
         <load_address>0x14c6</load_address>
         <run_address>0x14c6</run_address>
         <size>0x4b</size>
         <input_file_ref idref="fl-d0"/>
      </object_component>
      <object_component id="oc-c3">
         <name>.debug_abbrev</name>
         <load_address>0x1511</load_address>
         <run_address>0x1511</run_address>
         <size>0x55</size>
         <input_file_ref idref="fl-d1"/>
      </object_component>
      <object_component id="oc-16f">
         <name>.debug_abbrev</name>
         <load_address>0x1566</load_address>
         <run_address>0x1566</run_address>
         <size>0x45</size>
         <input_file_ref idref="fl-d3"/>
      </object_component>
      <object_component id="oc-23e">
         <name>.debug_abbrev</name>
         <load_address>0x15ab</load_address>
         <run_address>0x15ab</run_address>
         <size>0xf</size>
      </object_component>
      <object_component id="oc-74">
         <name>.debug_str</name>
         <load_address>0x0</load_address>
         <run_address>0x0</run_address>
         <size>0x2ea</size>
         <input_file_ref idref="fl-2"/>
      </object_component>
      <object_component id="oc-1c1">
         <name>.debug_str</name>
         <load_address>0x2ea</load_address>
         <run_address>0x2ea</run_address>
         <size>0x134</size>
         <input_file_ref idref="fl-2"/>
      </object_component>
      <object_component id="oc-135">
         <name>.debug_str</name>
         <load_address>0x41e</load_address>
         <run_address>0x41e</run_address>
         <size>0x5fb</size>
         <input_file_ref idref="fl-2"/>
      </object_component>
      <object_component id="oc-1f2">
         <name>.debug_str</name>
         <load_address>0xa19</load_address>
         <run_address>0xa19</run_address>
         <size>0x113</size>
         <input_file_ref idref="fl-2"/>
      </object_component>
      <object_component id="oc-1ed">
         <name>.debug_str</name>
         <load_address>0xb2c</load_address>
         <run_address>0xb2c</run_address>
         <size>0x142</size>
         <input_file_ref idref="fl-2"/>
      </object_component>
      <object_component id="oc-1f7">
         <name>.debug_str</name>
         <load_address>0xc6e</load_address>
         <run_address>0xc6e</run_address>
         <size>0x13d</size>
         <input_file_ref idref="fl-2"/>
      </object_component>
      <object_component id="oc-3a">
         <name>.debug_str</name>
         <load_address>0xdab</load_address>
         <run_address>0xdab</run_address>
         <size>0xfd</size>
         <input_file_ref idref="fl-2"/>
      </object_component>
      <object_component id="oc-b1">
         <name>.debug_str</name>
         <load_address>0xea8</load_address>
         <run_address>0xea8</run_address>
         <size>0x380</size>
         <input_file_ref idref="fl-2"/>
      </object_component>
      <object_component id="oc-79">
         <name>.debug_str</name>
         <load_address>0x1228</load_address>
         <run_address>0x1228</run_address>
         <size>0x182</size>
         <input_file_ref idref="fl-2"/>
      </object_component>
      <object_component id="oc-12b">
         <name>.debug_str</name>
         <load_address>0x13aa</load_address>
         <run_address>0x13aa</run_address>
         <size>0x120</size>
         <input_file_ref idref="fl-2"/>
      </object_component>
      <object_component id="oc-130">
         <name>.debug_str</name>
         <load_address>0x14ca</load_address>
         <run_address>0x14ca</run_address>
         <size>0x149</size>
         <input_file_ref idref="fl-2"/>
      </object_component>
      <object_component id="oc-8d">
         <name>.debug_str</name>
         <load_address>0x1613</load_address>
         <run_address>0x1613</run_address>
         <size>0x105</size>
         <input_file_ref idref="fl-ca"/>
      </object_component>
      <object_component id="oc-bf">
         <name>.debug_str</name>
         <load_address>0x1718</load_address>
         <run_address>0x1718</run_address>
         <size>0x140</size>
         <input_file_ref idref="fl-ca"/>
      </object_component>
      <object_component id="oc-45">
         <name>.debug_str</name>
         <load_address>0x1858</load_address>
         <run_address>0x1858</run_address>
         <size>0x10b</size>
         <input_file_ref idref="fl-cb"/>
      </object_component>
      <object_component id="oc-85">
         <name>.debug_str</name>
         <load_address>0x1963</load_address>
         <run_address>0x1963</run_address>
         <size>0x140</size>
         <input_file_ref idref="fl-cb"/>
      </object_component>
      <object_component id="oc-35">
         <name>.debug_str</name>
         <load_address>0x1aa3</load_address>
         <run_address>0x1aa3</run_address>
         <size>0x118</size>
         <input_file_ref idref="fl-cc"/>
      </object_component>
      <object_component id="oc-b8">
         <name>.debug_str</name>
         <load_address>0x1bbb</load_address>
         <run_address>0x1bbb</run_address>
         <size>0x16b</size>
         <input_file_ref idref="fl-cc"/>
      </object_component>
      <object_component id="oc-7e">
         <name>.debug_str</name>
         <load_address>0x1d26</load_address>
         <run_address>0x1d26</run_address>
         <size>0x158</size>
         <input_file_ref idref="fl-cc"/>
      </object_component>
      <object_component id="oc-1db">
         <name>.debug_str</name>
         <load_address>0x1e7e</load_address>
         <run_address>0x1e7e</run_address>
         <size>0xed</size>
         <input_file_ref idref="fl-d0"/>
      </object_component>
      <object_component id="oc-206">
         <name>.debug_str</name>
         <load_address>0x1f6b</load_address>
         <run_address>0x1f6b</run_address>
         <size>0x157</size>
         <input_file_ref idref="fl-d0"/>
      </object_component>
      <object_component id="oc-1e0">
         <name>.debug_str</name>
         <load_address>0x20c2</load_address>
         <run_address>0x20c2</run_address>
         <size>0x150</size>
         <input_file_ref idref="fl-d0"/>
      </object_component>
      <object_component id="oc-1e5">
         <name>.debug_str</name>
         <load_address>0x2212</load_address>
         <run_address>0x2212</run_address>
         <size>0x197</size>
         <input_file_ref idref="fl-d0"/>
      </object_component>
      <object_component id="oc-9e">
         <name>.debug_aranges</name>
         <load_address>0x0</load_address>
         <run_address>0x0</run_address>
         <size>0x60</size>
         <input_file_ref idref="fl-2"/>
      </object_component>
      <object_component id="oc-2a">
         <name>.debug_aranges</name>
         <load_address>0x60</load_address>
         <run_address>0x60</run_address>
         <size>0x38</size>
         <input_file_ref idref="fl-3"/>
      </object_component>
      <object_component id="oc-cc">
         <name>.debug_aranges</name>
         <load_address>0x98</load_address>
         <run_address>0x98</run_address>
         <size>0x58</size>
         <input_file_ref idref="fl-4"/>
      </object_component>
      <object_component id="oc-c7">
         <name>.debug_aranges</name>
         <load_address>0xf0</load_address>
         <run_address>0xf0</run_address>
         <size>0x40</size>
         <input_file_ref idref="fl-5"/>
      </object_component>
      <object_component id="oc-158">
         <name>.debug_aranges</name>
         <load_address>0x130</load_address>
         <run_address>0x130</run_address>
         <size>0x40</size>
         <input_file_ref idref="fl-6"/>
      </object_component>
      <object_component id="oc-138">
         <name>.debug_aranges</name>
         <load_address>0x170</load_address>
         <run_address>0x170</run_address>
         <size>0x30</size>
         <input_file_ref idref="fl-9"/>
      </object_component>
      <object_component id="oc-d4">
         <name>.debug_aranges</name>
         <load_address>0x1a0</load_address>
         <run_address>0x1a0</run_address>
[...]
            <load_size>0x46</load_size>
            <run_address>0x20000200</run_address>
            <run_size>0xa2</run_size>
            <compression>lzss</compression>
         </cprec>
         <cprec>
            <name>.bss</name>
            <load_address>0x25d0</load_address>
            <load_size>0x8</load_size>
            <run_address>0x200002a4</run_address>
            <run_size>0x10</run_size>
            <compression>zero_init</compression>
         </cprec>
      </cptbl>
   </cptbl_list>
   <handler_table>
      <handler_table_name>__TI_handler_table</handler_table_name>
      <handler>
         <index>0x0</index>
         <name>__TI_decompress_lzss</name>
      </handler>
      <handler>
         <index>0x1</index>
         <name>__TI_decompress_none</name>
      </handler>
      <handler>
         <index>0x2</index>
         <name>__TI_zero_init</name>
      </handler>
   </handler_table>
   <symbol_table>
      <symbol id="sm-1">
         <name>__STACK_TOP</name>
         <value>0x20000200</value>
      </symbol>
      <symbol id="sm-2">
         <name>__start___llvm_prf_cnts</name>
         <value>0x20000000</value>
      </symbol>
      <symbol id="sm-3">
         <name>__stop___llvm_prf_cnts</name>
         <value>0x20000000</value>
      </symbol>
      <symbol id="sm-4">
         <name>__TI_CINIT_Base</name>
         <value>0x25d8</value>
      </symbol>
      <symbol id="sm-5">
         <name>__TI_CINIT_Limit</name>
         <value>0x25e8</value>
      </symbol>
      <symbol id="sm-6">
         <name>__TI_Handler_Table_Base</name>
         <value>0x25c0</value>
      </symbol>
      <symbol id="sm-7">
         <name>__TI_Handler_Table_Limit</name>
         <value>0x25cc</value>
      </symbol>
      <symbol id="sm-8">
         <name>binit</name>
         <value>0xffffffff</value>
      </symbol>
      <symbol id="sm-9">
         <name>__binit__</name>
         <value>0xffffffff</value>
      </symbol>
      <symbol id="sm-a">
         <name>__STACK_SIZE</name>
         <value>0x200</value>
      </symbol>
      <symbol id="sm-b">
         <name>__STACK_END</name>
         <value>0x20000200</value>
      </symbol>
      <symbol id="sm-c">
         <name>__c_args__</name>
         <value>0xffffffff</value>
      </symbol>
      <symbol id="sm-d">
         <name>__TI_pprof_out_hndl</name>
         <value>0xffffffff</value>
      </symbol>
      <symbol id="sm-e">
         <name>__TI_prof_data_start</name>
         <value>0xffffffff</value>
      </symbol>
      <symbol id="sm-f">
         <name>__TI_prof_data_size</name>
         <value>0xffffffff</value>
      </symbol>
      <symbol id="sm-8e">
         <name>distance1</name>
         <value>0x200002a4</value>
      </symbol>
      <symbol id="sm-8f">
         <name>distance2</name>
         <value>0x200002a8</value>
      </symbol>
      <symbol id="sm-90">
         <name>distance3</name>
         <value>0x200002ac</value>
      </symbol>
      <symbol id="sm-91">
         <name>distance4</name>
         <value>0x200002b0</value>
      </symbol>
      <symbol id="sm-92">
         <name>green_blue_on</name>
         <value>0x1f4f</value>
         <object_component_ref idref="oc-9b"/>
      </symbol>
      <symbol id="sm-93">
         <name>App_Pins</name>
         <value>0x20000200</value>
         <object_component_ref idref="oc-dc"/>
      </symbol>
      <symbol id="sm-94">
         <name>blue_red_on</name>
         <value>0x1f77</value>
         <object_component_ref idref="oc-9b"/>
      </symbol>
      <symbol id="sm-95">
         <name>red_on</name>
         <value>0x1f13</value>
         <object_component_ref idref="oc-9b"/>
      </symbol>
      <symbol id="sm-96">
         <name>blue_on</name>
         <value>0x1f27</value>
         <object_component_ref idref="oc-9b"/>
      </symbol>
      <symbol id="sm-97">
         <name>leds_off</name>
         <value>0x1eff</value>
         <object_component_ref idref="oc-9b"/>
      </symbol>
      <symbol id="sm-98">
         <name>main</name>
         <value>0x1e85</value>
         <object_component_ref idref="oc-9b"/>
      </symbol>
      <symbol id="sm-99">
         <name>white_on</name>
         <value>0x1f8b</value>
         <object_component_ref idref="oc-9b"/>
      </symbol>
      <symbol id="sm-9a">
         <name>green_red_on</name>
         <value>0x1f63</value>
         <object_component_ref idref="oc-9b"/>
      </symbol>
      <symbol id="sm-9b">
         <name>park_flag</name>
         <value>0x200002a1</value>
         <object_component_ref idref="oc-e0"/>
      </symbol>
      <symbol id="sm-9c">
         <name>green_on</name>
         <value>0x1f3b</value>
         <object_component_ref idref="oc-9b"/>
      </symbol>
      <symbol id="sm-b8">
         <name>ResetISR</name>
         <value>0x2563</value>
         <object_component_ref idref="oc-27"/>
      </symbol>
      <symbol id="sm-b9">
         <name>g_pfnVectors</name>
         <value>0x0</value>
         <object_component_ref idref="oc-12"/>
      </symbol>
      <symbol id="sm-d9">
         <name>NTI_DCM_MoveLeft</name>
         <value>0x235f</value>
         <object_component_ref idref="oc-ca"/>
      </symbol>
      <symbol id="sm-da">
         <name>NTI_DCM_Stop</name>
         <value>0x2371</value>
         <object_component_ref idref="oc-ca"/>
      </symbol>
      <symbol id="sm-db">
         <name>NTI_DCM_MoveBackward</name>
         <value>0x2335</value>
         <object_component_ref idref="oc-ca"/>
      </symbol>
      <symbol id="sm-dc">
         <name>NTI_DCM_MoveRight</name>
         <value>0x234d</value>
         <object_component_ref idref="oc-ca"/>
      </symbol>
      <symbol id="sm-dd">
         <name>NTI_DCM_MoveForward</name>
         <value>0x231d</value>
         <object_component_ref idref="oc-ca"/>
      </symbol>
      <symbol id="sm-de">
         <name>NTI_DCM_InitAll</name>
         <value>0x230d</value>
         <object_component_ref idref="oc-ca"/>
      </symbol>
      <symbol id="sm-df">
         <name>DC_Motor_2</name>
         <value>0x20000254</value>
         <object_component_ref idref="oc-15e"/>
      </symbol>
      <symbol id="sm-e0">
         <name>DC_Motor_1</name>
         <value>0x2000023f</value>
         <object_component_ref idref="oc-15b"/>
      </symbol>
      <symbol id="sm-e1">
         <name>NTI_DC_M1_Stop</name>
         <value>0x2381</value>
         <object_component_ref idref="oc-ca"/>
      </symbol>
      <symbol id="sm-e2">
         <name>NTI_DC_M2_Stop</name>
         <value>0x238b</value>
         <object_component_ref idref="oc-ca"/>
      </symbol>
      <symbol id="sm-129">
         <name>US4_TriggerPin</name>
         <value>0x2000029a</value>
         <object_component_ref idref="oc-14e"/>
      </symbol>
      <symbol id="sm-12a">
         <name>US1_TriggerPin</name>
         <value>0x20000270</value>
         <object_component_ref idref="oc-13c"/>
      </symbol>
      <symbol id="sm-12b">
         <name>US1_EchoPin</name>
         <value>0x20000269</value>
         <object_component_ref idref="oc-13f"/>
      </symbol>
      <symbol id="sm-12c">
         <name>US2_TriggerPin</name>
         <value>0x2000027e</value>
         <object_component_ref idref="oc-142"/>
      </symbol>
      <symbol id="sm-12d">
         <name>US2_GetDistance</name>
         <value>0x22b1</value>
         <object_component_ref idref="oc-c4"/>
      </symbol>
      <symbol id="sm-12e">
         <name>US3_EchoPin</name>
         <value>0x20000285</value>
         <object_component_ref idref="oc-14b"/>
      </symbol>
      <symbol id="sm-12f">
         <name>US4_EchoPin</name>
         <value>0x20000293</value>
         <object_component_ref idref="oc-151"/>
      </symbol>
      <symbol id="sm-130">
         <name>US1_GetDistance</name>
         <value>0x229d</value>
         <object_component_ref idref="oc-c4"/>
      </symbol>
      <symbol id="sm-131">
         <name>US4_GetDistance</name>
         <value>0x22d9</value>
         <object_component_ref idref="oc-c4"/>
      </symbol>
      <symbol id="sm-132">
         <name>US_InitAllModules</name>
         <value>0x2279</value>
         <object_component_ref idref="oc-c4"/>
      </symbol>
      <symbol id="sm-133">
         <name>US3_GetDistance</name>
         <value>0x22c5</value>
         <object_component_ref idref="oc-c4"/>
      </symbol>
      <symbol id="sm-134">
         <name>US3_TriggerPin</name>
         <value>0x2000028c</value>
         <object_component_ref idref="oc-148"/>
      </symbol>
      <symbol id="sm-135">
         <name>US2_EchoPin</name>
         <value>0x20000277</value>
         <object_component_ref idref="oc-145"/>
      </symbol>
      <symbol id="sm-14a">
         <name>DCM_SpeedControl</name>
         <value>0x204f</value>
         <object_component_ref idref="oc-155"/>
      </symbol>
      <symbol id="sm-14b">
         <name>DCM_RotatReverseDirection</name>
         <value>0x20a5</value>
         <object_component_ref idref="oc-155"/>
      </symbol>
      <symbol id="sm-14c">
         <name>DCM_Stop</name>
         <value>0x20cd</value>
         <object_component_ref idref="oc-155"/>
      </symbol>
      <symbol id="sm-14d">
         <name>DCM_Init</name>
         <value>0x1fc1</value>
         <object_component_ref idref="oc-155"/>
      </symbol>
      <symbol id="sm-14e">
         <name>DCM_RotatNormalDirection</name>
         <value>0x207d</value>
         <object_component_ref idref="oc-155"/>
      </symbol>
      <symbol id="sm-17d">
         <name>US_InitConfig</name>
         <value>0x1cc5</value>
         <object_component_ref idref="oc-136"/>
      </symbol>
      <symbol id="sm-17e">
         <name>US_GetDistance</name>
         <value>0x1dcb</value>
         <object_component_ref idref="oc-136"/>
      </symbol>
      <symbol id="sm-2be">
         <name>Gpio_WriteChannel</name>
         <value>0x3af</value>
         <object_component_ref idref="oc-d0"/>
      </symbol>
      <symbol id="sm-2bf">
         <name>Gpio_SlewRateSelection</name>
         <value>0x10bd</value>
         <object_component_ref idref="oc-d0"/>
      </symbol>
      <symbol id="sm-2c0">
         <name>Gpio_FlipChannel</name>
         <value>0x541</value>
         <object_component_ref idref="oc-d0"/>
      </symbol>
      <symbol id="sm-2c1">
         <name>Gpio_ReadChannel</name>
         <value>0x2b9</value>
         <object_component_ref idref="oc-d0"/>
      </symbol>
      <symbol id="sm-2c2">
         <name>Gpio_UnlockPort</name>
         <value>0x1385</value>
         <object_component_ref idref="oc-d0"/>
      </symbol>
      <symbol id="sm-2c3">
         <name>Gpio_SetInternalPinConnection</name>
         <value>0xcc9</value>
         <object_component_ref idref="oc-d0"/>
      </symbol>
      <symbol id="sm-2c4">
         <name>Gpio_PinConfigInit</name>
         <value>0x26d</value>
         <object_component_ref idref="oc-d0"/>
      </symbol>
      <symbol id="sm-2c5">
         <name>Gpio_LockPin</name>
         <value>0x1521</value>
         <object_component_ref idref="oc-d0"/>
      </symbol>
      <symbol id="sm-2c6">
         <name>Gpio_InitPinDirection</name>
         <value>0x615</value>
         <object_component_ref idref="oc-d0"/>
      </symbol>
      <symbol id="sm-2c7">
         <name>Gpio_DriverStrengthSelection</name>
         <value>0xa99</value>
         <object_component_ref idref="oc-d0"/>
      </symbol>
      <symbol id="sm-2c8">
         <name>Gpio_UnlockPin</name>
         <value>0x1455</value>
         <object_component_ref idref="oc-d0"/>
      </symbol>
      <symbol id="sm-2c9">
         <name>Gpio_LockPort</name>
         <value>0x13e9</value>
         <object_component_ref idref="oc-d0"/>
      </symbol>
      <symbol id="sm-2ca">
         <name>Gpio_OpenDrainSelection</name>
         <value>0xf49</value>
         <object_component_ref idref="oc-d0"/>
      </symbol>
      <symbol id="sm-2cb">
         <name>Gpio_SignalTypeEnable</name>
         <value>0x122d</value>
         <object_component_ref idref="oc-d0"/>
      </symbol>
      <symbol id="sm-2cc">
         <name>Gpio_AlternativeFunctionStatus</name>
         <value>0x809</value>
         <object_component_ref idref="oc-d0"/>
      </symbol>
      <symbol id="sm-31e">
         <name>GPT_Timer4A_GetPulseWidth</name>
         <value>0x1bb1</value>
         <object_component_ref idref="oc-195"/>
      </symbol>
      <symbol id="sm-31f">
         <name>GPT_Timer5A_GetPulseWidth</name>
         <value>0x1bf3</value>
         <object_component_ref idref="oc-195"/>
      </symbol>
      <symbol id="sm-320">
         <name>GPT_Timer2A_GetPulseWidth</name>
         <value>0x1b2d</value>
         <object_component_ref idref="oc-195"/>
      </symbol>
      <symbol id="sm-321">
         <name>GPT_Timer3A_InputCaptureInit</name>
         <value>0x1a25</value>
         <object_component_ref idref="oc-195"/>
      </symbol>
      <symbol id="sm-322">
         <name>GPT_Timer3A_GetPulseWidth</name>
         <value>0x1b6f</value>
         <object_component_ref idref="oc-195"/>
      </symbol>
      <symbol id="sm-323">
         <name>GPT_Timer0A_GetPulseWidth</name>
         <value>0x1aa9</value>
         <object_component_ref idref="oc-195"/>
      </symbol>
      <symbol id="sm-324">
         <name>GPT_Timer5A_InputCaptureInit</name>
         <value>0x1a7d</value>
         <object_component_ref idref="oc-195"/>
      </symbol>
      <symbol id="sm-325">
         <name>GPT_Timer1A_InputCaptureInit</name>
         <value>0x19cd</value>
         <object_component_ref idref="oc-195"/>
      </symbol>
      <symbol id="sm-326">
         <name>GPT_Timer1A_GetPulseWidth</name>
         <value>0x1aeb</value>
         <object_component_ref idref="oc-195"/>
      </symbol>
      <symbol id="sm-327">
         <name>GPT_Timer2A_InputCaptureInit</name>
         <value>0x19f9</value>
         <object_component_ref idref="oc-195"/>
      </symbol>
      <symbol id="sm-328">
         <name>GPT_Timer4A_InputCaptureInit</name>
         <value>0x1a51</value>
         <object_component_ref idref="oc-195"/>
      </symbol>
      <symbol id="sm-329">
         <name>GPT_Timer0A_InputCaptureInit</name>
         <value>0x19a1</value>
         <object_component_ref idref="oc-195"/>
      </symbol>
      <symbol id="sm-340">
         <name>PWM_M1_Gen3_Channel6_SetDuty</name>
         <value>0x2169</value>
         <object_component_ref idref="oc-1b3"/>
      </symbol>
      <symbol id="sm-341">
         <name>PWM_M1_Gen2_Channel4_SetDuty</name>
         <value>0x2191</value>
         <object_component_ref idref="oc-1b3"/>
      </symbol>
      <symbol id="sm-342">
         <name>PWM_M1_Gen2_Channel4_Init</name>
         <value>0x212d</value>
         <object_component_ref idref="oc-1b3"/>
      </symbol>
      <symbol id="sm-343">
         <name>PWM_M1_Gen3_Channel6_Init</name>
         <value>0x20f1</value>
         <object_component_ref idref="oc-1b3"/>
      </symbol>
      <symbol id="sm-350">
         <name>RCC_EnableClkDivisor</name>
         <value>0x251d</value>
         <object_component_ref idref="oc-1ad"/>
      </symbol>
      <symbol id="sm-351">
         <name>RCC_PWM_CLK_Div64</name>
         <value>0x2529</value>
         <object_component_ref idref="oc-1ad"/>
      </symbol>
      <symbol id="sm-35f">
         <name>Delay_MS</name>
         <value>0x24cb</value>
         <object_component_ref idref="oc-d6"/>
      </symbol>
      <symbol id="sm-360">
         <name>Delay_US</name>
         <value>0x24a5</value>
         <object_component_ref idref="oc-d6"/>
      </symbol>
      <symbol id="sm-372">
         <name>SysTick_Stop</name>
         <value>0x244b</value>
         <object_component_ref idref="oc-164"/>
      </symbol>
      <symbol id="sm-373">
         <name>SysTick_Start</name>
         <value>0x243f</value>
         <object_component_ref idref="oc-164"/>
      </symbol>
      <symbol id="sm-374">
         <name>SysTick_Init</name>
         <value>0x2405</value>
         <object_component_ref idref="oc-164"/>
      </symbol>
      <symbol id="sm-3cd">
         <name>SysCtrl_EnableClk_UART</name>
         <value>0x1851</value>
         <object_component_ref idref="oc-18f"/>
      </symbol>
      <symbol id="sm-3ce">
         <name>SysCtrl_DisableClk_GPIO</name>
         <value>0x168d</value>
         <object_component_ref idref="oc-18f"/>
      </symbol>
      <symbol id="sm-3cf">
         <name>SysCtrl_DisableClk_PWM</name>
         <value>0x181d</value>
         <object_component_ref idref="oc-18f"/>
      </symbol>
      <symbol id="sm-3d0">
         <name>SysCtrl_EnableClk_TIMER</name>
         <value>0x1701</value>
         <object_component_ref idref="oc-18f"/>
      </symbol>
      <symbol id="sm-3d1">
         <name>SysCtrl_DisableClk_TIMER</name>
         <value>0x1775</value>
         <object_component_ref idref="oc-18f"/>
      </symbol>
      <symbol id="sm-3d2">
         <name>SysCtrl_EnableClk_PWM</name>
         <value>0x17e9</value>
         <object_component_ref idref="oc-18f"/>
      </symbol>
      <symbol id="sm-3d3">
         <name>SysCtrl_EnableClk_GPIO</name>
         <value>0x1619</value>
         <object_component_ref idref="oc-18f"/>
      </symbol>
      <symbol id="sm-3d4">
         <name>SysCtrl_DisableClk_UART</name>
         <value>0x18f5</value>
         <object_component_ref idref="oc-18f"/>
      </symbol>
      <symbol id="sm-3ed">
         <name>__TI_zero_init_nomemset</name>
         <value>0x2539</value>
         <object_component_ref idref="oc-47"/>
      </symbol>
      <symbol id="sm-404">
         <name>__TI_decompress_none</name>
         <value>0x2555</value>
         <object_component_ref idref="oc-1b"/>
      </symbol>
      <symbol id="sm-427">
         <name>__TI_decompress_lzss</name>
         <value>0x239d</value>
         <object_component_ref idref="oc-15"/>
      </symbol>
      <symbol id="sm-43a">
         <name>__stack</name>
         <value>0x20000000</value>
         <object_component_ref idref="oc-24"/>
      </symbol>
      <symbol id="sm-43b">
         <name>_c_int00_noargs</name>
         <value>0x24e9</value>
         <object_component_ref idref="oc-59"/>
      </symbol>
      <symbol id="sm-456">
         <name>memcpy</name>
         <value>0x21dd</value>
         <object_component_ref idref="oc-3b"/>
      </symbol>
      <symbol id="sm-457">
         <name>__aeabi_memcpy</name>
         <value>0x21dd</value>
         <object_component_ref idref="oc-3b"/>
      </symbol>
      <symbol id="sm-458">
         <name>__aeabi_memcpy8</name>
         <value>0x21dd</value>
         <object_component_ref idref="oc-3b"/>
      </symbol>
      <symbol id="sm-459">
         <name>__aeabi_memcpy4</name>
         <value>0x21dd</value>
         <object_component_ref idref="oc-3b"/>
      </symbol>
      <symbol id="sm-482">
         <name>__TI_auto_init_nobinit_nopinit</name>
         <value>0x2461</value>
         <object_component_ref idref="oc-f3"/>
      </symbol>
      <symbol id="sm-48c">
         <name>_system_pre_init</name>
         <value>0x256f</value>
         <object_component_ref idref="oc-95"/>
      </symbol>
      <symbol id="sm-498">
         <name>C$$EXIT</name>
         <value>0x2573</value>
         <object_component_ref idref="oc-e7"/>
      </symbol>
      <symbol id="sm-499">
         <name>abort</name>
         <value>0x2573</value>
         <object_component_ref idref="oc-e7"/>
      </symbol>
      <symbol id="sm-49c">
         <name>__TI_static_base__</name>
         <value>0x0</value>
      </symbol>
      <symbol id="sm-49f">
         <name>__mpu_init</name>
         <value>0x0</value>
      </symbol>
      <symbol id="sm-4a0">
         <name>_system_post_cinit</name>
         <value>0x0</value>
      </symbol>
   </symbol_table>
   <title>Link successful</title>
</link_info>
